[2026-09-24T00:45:23.422Z] GET http://localhost:8743/specimen.html → 200 (9ms, 1638B)
[2026-09-24T00:45:23.464Z] GET http://localhost:8743/assets/fonts/WorkySpace.otf → 200 (5ms, 403672B)
[2026-09-24T00:45:23.464Z] GET http://localhost:8743/assets/fonts/Aurebesh.otf → 200 (4ms, 81536B)
[2026-09-24T00:49:24.164Z] GET http://localhost:8743/ → 200 (2ms, 30326B)
[2026-09-24T00:49:24.172Z] GET https://fonts.googleapis.com/css2?family=IBM+Plex+Mono:wght@200;300;400;500&display=swap → 200 (177ms, 1184B)
[2026-09-24T00:49:24.172Z] GET http://localhost:8743/assets/core.js → 200 (8ms, 19015B)
[2026-09-24T00:49:24.172Z] GET http://localhost:8743/assets/tracks.js → 200 (8ms, 597B)
[2026-09-24T00:49:24.172Z] GET http://localhost:8743/assets/site.js → 200 (8ms, 14695B)
[2026-09-24T00:49:24.425Z] GET https://fonts.gstatic.com/s/ibmplexmono/v20/-F63fjptAgt5VM-kVkqdyU8n1i8q131nj-o.woff2 → 200 (35ms, 10169B)
[2026-09-24T00:49:24.425Z] GET http://localhost:8743/assets/fonts/WorkySpace.otf → 304 (?ms, ?B)
[2026-09-24T00:49:24.425Z] GET https://fonts.gstatic.com/s/ibmplexmono/v20/-F6qfjptAgt5VM-kVkqdyU8n3uALwlBFgsAXHNk.woff2 → 200 (35ms, 10719B)
[2026-09-24T00:49:24.463Z] GET http://localhost:8743/assets/audio/spread_joy.mp3 → 200 (27ms, ?B)
[2026-09-24T00:49:24.463Z] GET http://localhost:8743/assets/audio/spread_joy.mp3 → 200 (2ms, ?B)
[2026-09-24T00:49:24.463Z] GET http://localhost:8743/assets/audio/ecclesiastes_3.wav → 200 (20ms, ?B)
[2026-09-24T00:49:24.464Z] GET http://localhost:8743/assets/audio/247_lifestyle.wav → 200 (20ms, ?B)
[2026-09-24T00:49:24.464Z] GET http://localhost:8743/assets/audio/antoine_griezmann.wav → 200 (19ms, ?B)
[2026-09-24T00:49:24.464Z] GET http://localhost:8743/assets/audio/den.wav → 200 (20ms, ?B)
[2026-09-24T00:49:27.502Z] GET http://localhost:8743/assets/fonts/Aurebesh.otf → pending (?ms, ?B)
[2026-09-24T00:51:28.477Z] GET http://localhost:8743/ → 200 (6ms, 31418B)
[2026-09-24T00:51:28.488Z] GET https://fonts.googleapis.com/css2?family=IBM+Plex+Mono:wght@200;300;400;500&display=swap → 200 (?ms, -743B)
[2026-09-24T00:51:28.489Z] GET http://localhost:8743/assets/core.js → 304 (?ms, ?B)
[2026-09-24T00:51:28.489Z] GET http://localhost:8743/assets/tracks.js → 304 (2ms, ?B)
[2026-09-24T00:51:28.489Z] GET http://localhost:8743/assets/site.js → 200 (2ms, 15456B)
[2026-09-24T00:51:28.500Z] GET https://fonts.gstatic.com/s/ibmplexmono/v20/-F6qfjptAgt5VM-kVkqdyU8n3uALwlBFgsAXHNk.woff2 → 200 (?ms, -813B)
[2026-09-24T00:51:28.502Z] GET https://fonts.gstatic.com/s/ibmplexmono/v20/-F63fjptAgt5VM-kVkqdyU8n1i8q131nj-o.woff2 → 200 (?ms, -814B)
[2026-09-24T00:51:28.503Z] GET http://localhost:8743/assets/fonts/WorkySpace.otf → 304 (1ms, ?B)
[2026-09-24T00:51:28.503Z] GET http://localhost:8743/assets/fonts/Aurebesh.otf → 304 (3ms, ?B)
[2026-09-24T00:51:28.506Z] GET http://localhost:8743/assets/audio/spread_joy.mp3 → 200 (35ms, ?B)
[2026-09-24T00:51:28.506Z] GET http://localhost:8743/assets/audio/spread_joy.mp3 → 200 (23ms, ?B)
[2026-09-24T00:51:28.506Z] GET http://localhost:8743/assets/audio/ecclesiastes_3.wav → 200 (24ms, ?B)
[2026-09-24T00:51:28.506Z] GET http://localhost:8743/assets/audio/247_lifestyle.wav → 200 (23ms, ?B)
[2026-09-24T00:51:28.507Z] GET http://localhost:8743/assets/audio/antoine_griezmann.wav → 200 (23ms, ?B)
[2026-09-24T00:51:28.507Z] GET http://localhost:8743/assets/audio/den.wav → 200 (23ms, ?B)
[2026-09-24T00:51:48.339Z] GET https://fonts.gstatic.com/s/ibmplexmono/v20/-F6qfjptAgt5VM-kVkqdyU8n3twJwlBFgsAXHNk.woff2 → 200 (22ms, 10177B)
[2026-09-24T00:52:24.478Z] GET http://localhost:8743/assets/audio/spread_joy.mp3 → 200 (28ms, ?B)
[2026-09-24T00:52:56.046Z] GET http://localhost:8743/ → 200 (1ms, 31498B)
[2026-09-24T00:52:56.055Z] GET https://fonts.googleapis.com/css2?family=IBM+Plex+Mono:wght@200;300;400;500&display=swap → 200 (?ms, -743B)
[2026-09-24T00:52:56.056Z] GET http://localhost:8743/assets/core.js → 304 (?ms, ?B)
[2026-09-24T00:52:56.056Z] GET http://localhost:8743/assets/tracks.js → 304 (1ms, ?B)
[2026-09-24T00:52:56.056Z] GET http://localhost:8743/assets/site.js → 200 (1ms, 15606B)
[2026-09-24T00:52:56.088Z] GET https://fonts.gstatic.com/s/ibmplexmono/v20/-F6qfjptAgt5VM-kVkqdyU8n3uALwlBFgsAXHNk.woff2 → 200 (?ms, -813B)
[2026-09-24T00:52:56.088Z] GET https://fonts.gstatic.com/s/ibmplexmono/v20/-F63fjptAgt5VM-kVkqdyU8n1i8q131nj-o.woff2 → 200 (?ms, -814B)
[2026-09-24T00:52:56.089Z] GET https://fonts.gstatic.com/s/ibmplexmono/v20/-F6qfjptAgt5VM-kVkqdyU8n3twJwlBFgsAXHNk.woff2 → 200 (8ms, -814B)
[2026-09-24T00:52:56.097Z] GET http://localhost:8743/assets/fonts/WorkySpace.otf → 304 (1ms, ?B)
[2026-09-24T00:52:56.098Z] GET http://localhost:8743/assets/fonts/Aurebesh.otf → 304 (9ms, ?B)
[2026-09-24T00:52:56.098Z] GET http://localhost:8743/assets/audio/spread_joy.mp3 → 200 (13ms, ?B)
[2026-09-24T00:52:56.105Z] GET http://localhost:8743/assets/audio/spread_joy.mp3 → 200 (2ms, ?B)
[2026-09-24T00:52:56.105Z] GET http://localhost:8743/assets/audio/ecclesiastes_3.wav → 200 (2ms, ?B)
[2026-09-24T00:52:56.105Z] GET http://localhost:8743/assets/audio/247_lifestyle.wav → 200 (2ms, ?B)
[2026-09-24T00:52:56.105Z] GET http://localhost:8743/assets/audio/antoine_griezmann.wav → 200 (2ms, ?B)
[2026-09-24T00:52:56.105Z] GET http://localhost:8743/assets/audio/den.wav → 200 (2ms, ?B)
[2026-09-24T00:53:12.346Z] GET http://localhost:8743/ → pending (?ms, ?B)
[2026-09-24T00:53:15.256Z] GET https://fonts.googleapis.com/css2?family=IBM+Plex+Mono:wght@200;300;400;500&display=swap → 200 (?ms, -743B)
[2026-09-24T00:53:15.257Z] GET http://localhost:8743/assets/core.js → 200 (?ms, -195B)
[2026-09-24T00:53:15.257Z] GET http://localhost:8743/assets/tracks.js → 200 (?ms, -193B)
[2026-09-24T00:53:15.257Z] GET http://localhost:8743/assets/site.js → 304 (1ms, ?B)
[2026-09-24T00:53:15.273Z] GET https://fonts.gstatic.com/s/ibmplexmono/v20/-F6qfjptAgt5VM-kVkqdyU8n3uALwlBFgsAXHNk.woff2 → 200 (?ms, -813B)
[2026-09-24T00:53:15.274Z] GET https://fonts.gstatic.com/s/ibmplexmono/v20/-F63fjptAgt5VM-kVkqdyU8n1i8q131nj-o.woff2 → 200 (?ms, -814B)
[2026-09-24T00:53:15.274Z] GET https://fonts.gstatic.com/s/ibmplexmono/v20/-F6qfjptAgt5VM-kVkqdyU8n3twJwlBFgsAXHNk.woff2 → 200 (?ms, -814B)
[2026-09-24T00:53:15.275Z] GET http://localhost:8743/assets/fonts/WorkySpace.otf → 200 (?ms, -189B)
[2026-09-24T00:53:15.275Z] GET http://localhost:8743/assets/fonts/Aurebesh.otf → 200 (?ms, -188B)
[2026-09-24T00:53:15.302Z] GET http://localhost:8743/assets/audio/spread_joy.mp3 → 200 (10ms, ?B)
[2026-09-24T00:53:15.302Z] GET http://localhost:8743/assets/audio/spread_joy.mp3 → 200 (9ms, ?B)
[2026-09-24T00:53:15.302Z] GET http://localhost:8743/assets/audio/ecclesiastes_3.wav → 200 (10ms, ?B)
[2026-09-24T00:53:15.302Z] GET http://localhost:8743/assets/audio/247_lifestyle.wav → 200 (10ms, ?B)
[2026-09-24T00:53:15.302Z] GET http://localhost:8743/assets/audio/antoine_griezmann.wav → 200 (10ms, ?B)
[2026-09-24T00:53:15.302Z] GET http://localhost:8743/assets/audio/den.wav → 200 (10ms, ?B)
[2026-09-24T00:53:15.353Z] GET http://localhost:8743/ → pending (?ms, ?B)
[2026-09-24T00:53:30.321Z] GET https://fonts.googleapis.com/css2?family=IBM+Plex+Mono:wght@200;300;400;500&display=swap → 200 (?ms, -743B)
[2026-09-24T00:53:30.321Z] GET http://localhost:8743/assets/core.js → 200 (?ms, -195B)
[2026-09-24T00:53:30.321Z] GET http://localhost:8743/assets/tracks.js → 200 (?ms, -193B)
[2026-09-24T00:53:30.322Z] GET http://localhost:8743/assets/site.js → 304 (?ms, ?B)
[2026-09-24T00:53:30.327Z] GET https://fonts.gstatic.com/s/ibmplexmono/v20/-F6qfjptAgt5VM-kVkqdyU8n3uALwlBFgsAXHNk.woff2 → 200 (1ms, -813B)
[2026-09-24T00:53:30.328Z] GET https://fonts.gstatic.com/s/ibmplexmono/v20/-F63fjptAgt5VM-kVkqdyU8n1i8q131nj-o.woff2 → 200 (?ms, -814B)
[2026-09-24T00:53:30.328Z] GET https://fonts.gstatic.com/s/ibmplexmono/v20/-F6qfjptAgt5VM-kVkqdyU8n3twJwlBFgsAXHNk.woff2 → 200 (1ms, -814B)
[2026-09-24T00:53:30.329Z] GET http://localhost:8743/assets/fonts/WorkySpace.otf → 200 (?ms, -189B)
[2026-09-24T00:53:30.329Z] GET http://localhost:8743/assets/fonts/Aurebesh.otf → 200 (?ms, -188B)
[2026-09-24T00:53:30.330Z] GET http://localhost:8743/assets/audio/spread_joy.mp3 → 200 (31ms, ?B)
[2026-09-24T00:53:30.330Z] GET http://localhost:8743/assets/audio/spread_joy.mp3 → 200 (7ms, ?B)
[2026-09-24T00:53:30.330Z] GET http://localhost:8743/assets/audio/ecclesiastes_3.wav → 200 (4ms, ?B)
[2026-09-24T00:53:30.330Z] GET http://localhost:8743/assets/audio/247_lifestyle.wav → 200 (4ms, ?B)
[2026-09-24T00:53:30.330Z] GET http://localhost:8743/assets/audio/antoine_griezmann.wav → 200 (7ms, ?B)
[2026-09-24T00:53:30.330Z] GET http://localhost:8743/assets/audio/den.wav → 200 (7ms, ?B)
[2026-09-24T00:54:06.362Z] GET http://localhost:8743/ → 200 (2ms, ?B)
[2026-09-24T00:54:06.371Z] GET https://fonts.googleapis.com/css2?family=IBM+Plex+Mono:wght@200;300;400;500&display=swap → 200 (?ms, -743B)
[2026-09-24T00:54:06.371Z] GET http://localhost:8743/assets/core.js → 304 (1ms, ?B)
[2026-09-24T00:54:06.371Z] GET http://localhost:8743/assets/tracks.js → 304 (1ms, ?B)
[2026-09-24T00:54:06.371Z] GET http://localhost:8743/assets/site.js → 304 (1ms, ?B)
[2026-09-24T00:54:06.376Z] GET https://fonts.gstatic.com/s/ibmplexmono/v20/-F6qfjptAgt5VM-kVkqdyU8n3uALwlBFgsAXHNk.woff2 → 200 (?ms, -813B)
[2026-09-24T00:54:06.376Z] GET https://fonts.gstatic.com/s/ibmplexmono/v20/-F63fjptAgt5VM-kVkqdyU8n1i8q131nj-o.woff2 → 200 (?ms, -814B)
[2026-09-24T00:54:06.376Z] GET https://fonts.gstatic.com/s/ibmplexmono/v20/-F6qfjptAgt5VM-kVkqdyU8n3twJwlBFgsAXHNk.woff2 → 200 (1ms, -814B)
[2026-09-24T00:54:06.377Z] GET http://localhost:8743/assets/fonts/WorkySpace.otf → 304 (1ms, ?B)
[2026-09-24T00:54:06.378Z] GET http://localhost:8743/assets/fonts/Aurebesh.otf → 304 (1ms, ?B)
[2026-09-24T00:54:06.379Z] GET http://localhost:8743/assets/audio/spread_joy.mp3 → 200 (29ms, ?B)
[2026-09-24T00:54:06.379Z] GET http://localhost:8743/assets/audio/spread_joy.mp3 → 200 (14ms, ?B)
[2026-09-24T00:54:06.379Z] GET http://localhost:8743/assets/audio/ecclesiastes_3.wav → 200 (14ms, ?B)
[2026-09-24T00:54:06.381Z] GET http://localhost:8743/assets/audio/247_lifestyle.wav → 200 (12ms, ?B)
[2026-09-24T00:54:06.381Z] GET http://localhost:8743/assets/audio/antoine_griezmann.wav → 200 (15ms, ?B)
[2026-09-24T00:54:06.381Z] GET http://localhost:8743/assets/audio/den.wav → 200 (15ms, ?B)
